// Jest Snapshot v1, https://goo.gl/fbAQLP

exports[`<Profile /> matches snapshot 1`] = `
<Profile
  name="氚标创"
  username="uncyclocity"
>
  <div>
    <b>
      uncyclocity
    </b>
    <span>
      (
      氚标创
      )
    </span>
  </div>
</Profile>
`;
